
  [30;42;1m PASS [39;49;22m[39m Tests\Unit\Models\CategoryTest[39m
  [32;1mтЬУ[39;22m[90m [39m[90mcategory can be created[39m[90m                                                                                                      [39m [90m0.47s[39m  
  [32;1mтЬУ[39;22m[90m [39m[90mcategory has many products[39m[90m                                                                                                   [39m [90m0.05s[39m  
  [32;1mтЬУ[39;22m[90m [39m[90mcategory without description is valid[39m[90m                                                                                        [39m [90m0.02s[39m  

  [30;42;1m PASS [39;49;22m[39m Tests\Unit\Models\ProductTest[39m
  [32;1mтЬУ[39;22m[90m [39m[90mproduct can be created[39m[90m                                                                                                       [39m [90m0.03s[39m  
  [32;1mтЬУ[39;22m[90m [39m[90mproduct belongs to category[39m[90m                                                                                                  [39m [90m0.02s[39m  
  [32;1mтЬУ[39;22m[90m [39m[90mproduct has stock[39m[90m                                                                                                            [39m [90m0.03s[39m  
  [32;1mтЬУ[39;22m[90m [39m[90mproduct has stock movements[39m[90m                                                                                                  [39m [90m0.03s[39m  

  [30;42;1m PASS [39;49;22m[39m Tests\Unit\Models\StockMovementTest[39m
  [32;1mтЬУ[39;22m[90m [39m[90mstock movement can be created[39m[90m                                                                                                [39m [90m0.03s[39m  
  [32;1mтЬУ[39;22m[90m [39m[90mstock movement belongs to product[39m[90m                                                                                            [39m [90m0.03s[39m  
  [32;1mтЬУ[39;22m[90m [39m[90mstock movement belongs to warehouse[39m[90m                                                                                          [39m [90m0.03s[39m  
  [32;1mтЬУ[39;22m[90m [39m[90mstock movement belongs to user[39m[90m                                                                                               [39m [90m0.03s[39m  
  [32;1mтЬУ[39;22m[90m [39m[90mincoming movement increases stock[39m[90m                                                                                            [39m [90m0.03s[39m  
  [32;1mтЬУ[39;22m[90m [39m[90moutgoing movement decreases stock[39m[90m                                                                                            [39m [90m0.03s[39m  

  [30;42;1m PASS [39;49;22m[39m Tests\Unit\Models\WarehouseTest[39m
  [32;1mтЬУ[39;22m[90m [39m[90mwarehouse can be created[39m[90m                                                                                                     [39m [90m0.03s[39m  
  [32;1mтЬУ[39;22m[90m [39m[90mwarehouse has stock[39m[90m                                                                                                          [39m [90m0.02s[39m  
  [32;1mтЬУ[39;22m[90m [39m[90mwarehouse has stock movements[39m[90m                                                                                                [39m [90m0.03s[39m  
  [32;1mтЬУ[39;22m[90m [39m[90mwarehouse address is optional[39m[90m                                                                                                [39m [90m0.02s[39m  

  [30;42;1m PASS [39;49;22m[39m Tests\Feature\AuthTest[39m
  [32;1mтЬУ[39;22m[90m [39m[90munauthenticated user is redirected to login[39m[90m                                                                                  [39m [90m0.08s[39m  
  [32;1mтЬУ[39;22m[90m [39m[90munauthenticated user cannot access products[39m[90m                                                                                  [39m [90m0.02s[39m  
  [32;1mтЬУ[39;22m[90m [39m[90munauthenticated user cannot access categories[39m[90m                                                                                [39m [90m0.02s[39m  
  [32;1mтЬУ[39;22m[90m [39m[90munauthenticated user cannot access warehouses[39m[90m                                                                                [39m [90m0.02s[39m  
  [32;1mтЬУ[39;22m[90m [39m[90munauthenticated user cannot access movements[39m[90m                                                                                 [39m [90m0.02s[39m  
  [32;1mтЬУ[39;22m[90m [39m[90munauthenticated user cannot access reports[39m[90m                                                                                   [39m [90m0.03s[39m  
  [32;1mтЬУ[39;22m[90m [39m[90mauthenticated user can access dashboard[39m[90m                                                                                      [39m [90m0.14s[39m  
  [32;1mтЬУ[39;22m[90m [39m[90mauthenticated user can access products[39m[90m                                                                                       [39m [90m0.14s[39m  
  [32;1mтЬУ[39;22m[90m [39m[90mauthenticated user can access categories[39m[90m                                                                                     [39m [90m0.13s[39m  
  [32;1mтЬУ[39;22m[90m [39m[90mauthenticated user can access warehouses[39m[90m                                                                                     [39m [90m0.13s[39m  
  [32;1mтЬУ[39;22m[90m [39m[90mlogin page is accessible[39m[90m                                                                                                     [39m [90m0.07s[39m  
  [32;1mтЬУ[39;22m[90m [39m[90muser can login with correct credentials[39m[90m                                                                                      [39m [90m0.04s[39m  
  [32;1mтЬУ[39;22m[90m [39m[90muser cannot login with wrong password[39m[90m                                                                                        [39m [90m0.03s[39m  

  [30;42;1m PASS [39;49;22m[39m Tests\Feature\ProductFunctionalTest[39m
  [32;1mтЬУ[39;22m[90m [39m[90mproduct list page loads[39m[90m                                                                                                      [39m [90m0.14s[39m  
  [32;1mтЬУ[39;22m[90m [39m[90mproduct create page loads[39m[90m                                                                                                    [39m [90m0.15s[39m  
  [32;1mтЬУ[39;22m[90m [39m[90mproduct can be stored in database[39m[90m                                                                                            [39m [90m0.02s[39m  
  [32;1mтЬУ[39;22m[90m [39m[90mproduct can be updated[39m[90m                                                                                                       [39m [90m0.02s[39m  
  [32;1mтЬУ[39;22m[90m [39m[90mproduct can be deleted[39m[90m                                                                                                       [39m [90m0.02s[39m  
  [32;1mтЬУ[39;22m[90m [39m[90mproduct sku must be unique[39m[90m                                                                                                   [39m [90m0.02s[39m  
  [32;1mтЬУ[39;22m[90m [39m[90mstock cannot go below zero[39m[90m                                                                                                   [39m [90m0.02s[39m  
  [32;1mтЬУ[39;22m[90m [39m[90mcategory can be stored in database[39m[90m                                                                                           [39m [90m0.02s[39m  
  [32;1mтЬУ[39;22m[90m [39m[90mwarehouse can be stored in database[39m[90m                                                                                          [39m [90m0.02s[39m  
  [32;1mтЬУ[39;22m[90m [39m[90mproduct edit page loads[39m[90m                                                                                                      [39m [90m0.15s[39m  

  [90mTests:[39m    [32;1m40 passed[39;22m[90m (62 assertions)[39m
  [90mDuration:[39m [39m2.69s[39m

